17:24:24 **** Incremental Build of configuration Debug for project Lab7_1 ****
make -j12 all 
arm-none-eabi-gcc "../Src/main.c" -mcpu=cortex-m4 -std=gnu11 -g3 -DDEBUG -DSTM32 -DSTM32F401RETx -DSTM32F4 -c -I../Inc -O0 -ffunction-sections -fdata-sections -Wall -fstack-usage -fcyclomatic-complexity -MMD -MP -MF"Src/main.d" -MT"Src/main.o" --specs=nano.specs -mfpu=fpv4-sp-d16 -mfloat-abi=hard -mthumb -o "Src/main.o"
arm-none-eabi-gcc -o "Lab7_1.elf" @"objects.list"   -mcpu=cortex-m4 -T"/home/martino/STM32CubeIDE/workspace_2.1.1/Lab7_1/STM32F401RETX_FLASH.ld" --specs=nosys.specs -Wl,-Map="Lab7_1.map" -Wl,--gc-sections -static --specs=nano.specs -mfpu=fpv4-sp-d16 -mfloat-abi=hard -mthumb -Wl,--start-group -lc -lm -Wl,--end-group
Finished building target: Lab7_1.elf
 
arm-none-eabi-size  Lab7_1.elf 
arm-none-eabi-objdump -h -S Lab7_1.elf  > "Lab7_1.list"
   text	   data	    bss	    dec	    hex	filename
    760	      0	   1568	   2328	    918	Lab7_1.elf
Finished building: default.size.stdout
 
Finished building: Lab7_1.list
 

17:24:24 Build Finished. 0 errors, 0 warnings. (took 114ms)

